#-----------------------------------------------------------
# Vivado v2024.1 (64-bit)
# SW Build 5076996 on Wed May 22 18:37:14 MDT 2024
# IP Build 5075265 on Wed May 22 21:45:21 MDT 2024
# SharedData Build 5076995 on Wed May 22 18:29:18 MDT 2024
# Start of session at: Sun Oct 26 19:40:52 2025
# Process ID: 17552
# Current directory: C:/Users/joshu/Downloads/System-Modelling-and-Synthesis-with-HDL-2024-master/System-Modelling-and-Synthesis-with-HDL-2024-master/Ex3/exercise3
# Command line: vivado.exe -gui_launcher_event rodinguilauncherevent8460 C:\Users\joshu\Downloads\System-Modelling-and-Synthesis-with-HDL-2024-master\System-Modelling-and-Synthesis-with-HDL-2024-master\Ex3\exercise3\exercise3.xpr
# Log file: C:/Users/joshu/Downloads/System-Modelling-and-Synthesis-with-HDL-2024-master/System-Modelling-and-Synthesis-with-HDL-2024-master/Ex3/exercise3/vivado.log
# Journal file: C:/Users/joshu/Downloads/System-Modelling-and-Synthesis-with-HDL-2024-master/System-Modelling-and-Synthesis-with-HDL-2024-master/Ex3/exercise3\vivado.jou
# Running On        :LAPTOP-TSMU9UUL
# Platform          :Windows Server 2016 or Windows 10
# Operating System  :26200
# Processor Detail  :11th Gen Intel(R) Core(TM) i7-1165G7 @ 2.80GHz
# CPU Frequency     :2803 MHz
# CPU Physical cores:4
# CPU Logical cores :8
# Host memory       :16856 MB
# Swap memory       :21473 MB
# Total Virtual     :38330 MB
# Available Virtual :4611 MB
#-----------------------------------------------------------
start_gui
open_project C:/Users/joshu/Downloads/System-Modelling-and-Synthesis-with-HDL-2024-master/System-Modelling-and-Synthesis-with-HDL-2024-master/Ex3/exercise3/exercise3.xpr
update_compile_order -fileset sources_1
launch_simulation
source counter_tb.tcl
close_sim
